
Running 3 tests using 2 workers

[1A[2K[1/3] [chromium] ΓÇ║ e2e\task-regeneration.spec.ts:53:9 ΓÇ║ Task Regeneration ΓÇ║ can complete a task using Mark Done button
[1A[2K[2/3] [chromium] ΓÇ║ e2e\task-regeneration.spec.ts:38:9 ΓÇ║ Task Regeneration ΓÇ║ home screen loads and shows tasks
[1A[2K[chromium] ΓÇ║ e2e\task-regeneration.spec.ts:53:9 ΓÇ║ Task Regeneration ΓÇ║ can complete a task using Mark Done button
BROWSER: %cDownload the React DevTools for a better development experience: https://react.dev/link/react-devtools font-weight:bold

[1A[2K[chromium] ΓÇ║ e2e\task-regeneration.spec.ts:38:9 ΓÇ║ Task Regeneration ΓÇ║ home screen loads and shows tasks
BROWSER: %cDownload the React DevTools for a better development experience: https://react.dev/link/react-devtools font-weight:bold

[1A[2K[chromium] ΓÇ║ e2e\task-regeneration.spec.ts:53:9 ΓÇ║ Task Regeneration ΓÇ║ can complete a task using Mark Done button
BROWSER: Running application "main" with appParams:
 {rootTag: #root, hydrate: undefined} 
Development-level warnings: ON.
Performance optimizations: OFF.

[1A[2K[chromium] ΓÇ║ e2e\task-regeneration.spec.ts:38:9 ΓÇ║ Task Regeneration ΓÇ║ home screen loads and shows tasks
BROWSER: Running application "main" with appParams:
 {rootTag: #root, hydrate: undefined} 
Development-level warnings: ON.
Performance optimizations: OFF.

[1A[2K[chromium] ΓÇ║ e2e\task-regeneration.spec.ts:53:9 ΓÇ║ Task Regeneration ΓÇ║ can complete a task using Mark Done button
BROWSER: props.pointerEvents is deprecated. Use style.pointerEvents

[1A[2K[chromium] ΓÇ║ e2e\task-regeneration.spec.ts:38:9 ΓÇ║ Task Regeneration ΓÇ║ home screen loads and shows tasks
BROWSER: props.pointerEvents is deprecated. Use style.pointerEvents

[1A[2KBROWSER: "shadow*" style props are deprecated. Use "boxShadow".

[1A[2K[chromium] ΓÇ║ e2e\task-regeneration.spec.ts:53:9 ΓÇ║ Task Regeneration ΓÇ║ can complete a task using Mark Done button
BROWSER: "shadow*" style props are deprecated. Use "boxShadow".

[1A[2KBROWSER: handleUserInit started for: 925e72a1-6e6d-4be1-8f95-813f106f48e9

[1A[2K[chromium] ΓÇ║ e2e\task-regeneration.spec.ts:38:9 ΓÇ║ Task Regeneration ΓÇ║ home screen loads and shows tasks
BROWSER: handleUserInit started for: 925e72a1-6e6d-4be1-8f95-813f106f48e9

[1A[2K[chromium] ΓÇ║ e2e\task-regeneration.spec.ts:53:9 ΓÇ║ Task Regeneration ΓÇ║ can complete a task using Mark Done button
BROWSER: User already initialized in database, skipping task creation

[1A[2KBROWSER: handleUserInit finished

[1A[2K[chromium] ΓÇ║ e2e\task-regeneration.spec.ts:38:9 ΓÇ║ Task Regeneration ΓÇ║ home screen loads and shows tasks
BROWSER: User already initialized in database, skipping task creation

[1A[2KBROWSER: handleUserInit finished

[1A[2K[chromium] ΓÇ║ e2e\task-regeneration.spec.ts:53:9 ΓÇ║ Task Regeneration ΓÇ║ can complete a task using Mark Done button
BROWSER: React does not recognize the `%s` prop on a DOM element. If you intentionally want it to appear in the DOM as a custom attribute, spell it as lowercase `%s` instead. If you accidentally passed it from a parent component, remove it from the DOM element. numberOfLines numberoflines

[1A[2K[chromium] ΓÇ║ e2e\task-regeneration.spec.ts:38:9 ΓÇ║ Task Regeneration ΓÇ║ home screen loads and shows tasks
BROWSER: React does not recognize the `%s` prop on a DOM element. If you intentionally want it to appear in the DOM as a custom attribute, spell it as lowercase `%s` instead. If you accidentally passed it from a parent component, remove it from the DOM element. numberOfLines numberoflines

[1A[2KHome screen with tasks loaded successfully

[1A[2K[3/3] [chromium] ΓÇ║ e2e\task-regeneration.spec.ts:93:9 ΓÇ║ Task Regeneration ΓÇ║ can navigate to Calendar screen
[1A[2K[chromium] ΓÇ║ e2e\task-regeneration.spec.ts:93:9 ΓÇ║ Task Regeneration ΓÇ║ can navigate to Calendar screen
BROWSER: %cDownload the React DevTools for a better development experience: https://react.dev/link/react-devtools font-weight:bold

[1A[2K[chromium] ΓÇ║ e2e\task-regeneration.spec.ts:53:9 ΓÇ║ Task Regeneration ΓÇ║ can complete a task using Mark Done button
No actionable tasks found - verifying completed state

[1A[2K[chromium] ΓÇ║ e2e\task-regeneration.spec.ts:93:9 ΓÇ║ Task Regeneration ΓÇ║ can navigate to Calendar screen
BROWSER: Running application "main" with appParams:
 {rootTag: #root, hydrate: undefined} 
Development-level warnings: ON.
Performance optimizations: OFF.

[1A[2K  1) [chromium] ΓÇ║ e2e\task-regeneration.spec.ts:53:9 ΓÇ║ Task Regeneration ΓÇ║ can complete a task using Mark Done button 

    Error: [2mexpect([22m[31mlocator[39m[2m).[22mtoBeVisible[2m([22m[2m)[22m failed

    Locator: getByText(/completed/i)
    Expected: visible
    Error: strict mode violation: getByText(/completed/i) resolved to 2 elements:
        1) <span class="font-sans tracking-sm my-0 bg-transparent border-0 box-border display-inline list-none margin-0 padding-0 position-relative text-start no-underline whitespace-pre-wrap word-wrap-break-word text-sm text-gray-400">completed</span> aka getByText('completed', { exact: true })
        2) <span class="font-sans tracking-sm my-0 bg-transparent border-0 box-border display-inline list-none margin-0 padding-0 position-relative text-start no-underline whitespace-pre-wrap word-wrap-break-word text-xs text-gray-500">Completed</span> aka getByText('Completed', { exact: true })

    Call log:
    [2m  - Expect "toBeVisible" with timeout 5000ms[22m
    [2m  - waiting for getByText(/completed/i)[22m


      69 |                 console.log('No actionable tasks found - verifying completed state');
      70 |                 // Verify we have some completed tasks shown
    > 71 |                 await expect(page.getByText(/completed/i)).toBeVisible();
         |                                                            ^
      72 |                 return;
      73 |             }
      74 |
        at C:\Users\dandm\Documents\homekeep\e2e\task-regeneration.spec.ts:71:60

    Error Context: test-results\task-regeneration-Task-Reg-c3d72-task-using-Mark-Done-button-chromium\error-context.md


[1A[2KBROWSER: props.pointerEvents is deprecated. Use style.pointerEvents

[1A[2KBROWSER: "shadow*" style props are deprecated. Use "boxShadow".

[1A[2KBROWSER: handleUserInit started for: 925e72a1-6e6d-4be1-8f95-813f106f48e9

[1A[2KBROWSER: User already initialized in database, skipping task creation

[1A[2KBROWSER: handleUserInit finished

[1A[2KBROWSER: React does not recognize the `%s` prop on a DOM element. If you intentionally want it to appear in the DOM as a custom attribute, spell it as lowercase `%s` instead. If you accidentally passed it from a parent component, remove it from the DOM element. numberOfLines numberoflines

[1A[2K  2) [chromium] ΓÇ║ e2e\task-regeneration.spec.ts:93:9 ΓÇ║ Task Regeneration ΓÇ║ can navigate to Calendar screen 

    [31mTest timeout of 30000ms exceeded.[39m

    Error: locator.click: Test timeout of 30000ms exceeded.
    Call log:
    [2m  - waiting for getByText('Calendar')[22m


       97 |         // Navigate to Calendar using text in the bottom bar
       98 |         // The FloatingBottomBar has text labels for each tab
    >  99 |         await page.getByText('Calendar').click();
          |                                          ^
      100 |
      101 |         // Wait for Calendar screen to load
      102 |         await page.waitForTimeout(3000);
        at C:\Users\dandm\Documents\homekeep\e2e\task-regeneration.spec.ts:99:42

    Error Context: test-results\task-regeneration-Task-Reg-deab6-navigate-to-Calendar-screen-chromium\error-context.md


[1A[2K  2 failed
    [chromium] ΓÇ║ e2e\task-regeneration.spec.ts:53:9 ΓÇ║ Task Regeneration ΓÇ║ can complete a task using Mark Done button 
    [chromium] ΓÇ║ e2e\task-regeneration.spec.ts:93:9 ΓÇ║ Task Regeneration ΓÇ║ can navigate to Calendar screen 
  1 passed (37.7s)

[36m  Serving HTML report at http://localhost:64029. Press Ctrl+C to quit.[39m
